// Jest Snapshot v1, https://goo.gl/fbAQLP

exports[`Book Browser Urls Should match the snapshot 1`] = `
<th>
  
  <a
    class="bookLink"
    href="www.testing.com"
  >
    testing
    <br />
  </a>
  <a
    class="bookLink"
    href="www.testing2.com"
  >
    testing 2
    <br />
  </a>
  
</th>
`;
