// Jest Snapshot v1, https://goo.gl/fbAQLP

exports[`Book Browser Cover Should match the snapshot 1`] = `
<tr>
  <th
    class="imageHeader"
  >
    <img
      class="imageContainer"
      src="imagineaurlhere"
    />
  </th>
  <th
    class="bookName"
  >
    <div>
      Future
    </div>
    <div
      class="bookAuthor"
    >
      Dimitry Glukhovsky
    </div>
  </th>
</tr>
`;
